{
  "contract": "fgos.v1",
  "generated_at": "2026-09-28T05:08:52.825Z",
  "data_hash": "87629e54aa5cbdc769171e31e1e5721571182f70cbf70194427bd9487f2ae099",
  "data": {
    "coordinationId": "i27-i21h4-full-v1",
    "kind": "declared-protocol",
    "definitionRef": {
      "id": "core.coordination-protocol.architecture-advisory-panel-v1",
      "version": "1.0.0"
    },
    "objective": "I27 new track-decision case (I21 H4 executor-pin fallback): framing + shaping.",
    "status": "running",
    "closed": false,
    "closeAttempted": true,
    "closeRefusalReason": "coordination run: session \"i27-i21h4-full-v1\" was opened against definition \"core.coordination-protocol.architecture-advisory-panel-v1@1.0.0\", but the definition could not be resolved -- refusing to close against an unresolvable definition: session \"i27-i21h4-full-v1\" is missing its snapshot file at /home/vantt/projects/forgentX/.fgos/coordination/sessions/i27-i21h4-full-v1/snapshot.json",
    "quorum": {
      "requiredActorIds": [
        "lead-advisor-actor",
        "context-investigator-actor",
        "system-shaper-actor",
        "alternative-shaper-actor",
        "constraint-advocate-actor",
        "architecture-critic-actor",
        "synthesizer-actor",
        "red-team-actor"
      ],
      "completed": [
        {
          "actorId": "context-investigator-actor",
          "assignmentId": "asgn_i27_driver_op_006",
          "runId": "run_asgn_i27_driver_op_006_01"
        },
        {
          "actorId": "system-shaper-actor",
          "assignmentId": "asgn_i27_driver_op_007",
          "runId": "run_asgn_i27_driver_op_007_01"
        },
        {
          "actorId": "alternative-shaper-actor",
          "assignmentId": "asgn_i27_driver_op_008",
          "runId": "run_asgn_i27_driver_op_008_01"
        },
        {
          "actorId": "constraint-advocate-actor",
          "assignmentId": "asgn_i27_driver_op_011",
          "runId": "run_asgn_i27_driver_op_011_01"
        },
        {
          "actorId": "architecture-critic-actor",
          "assignmentId": "asgn_i27_driver_op_010",
          "runId": "run_asgn_i27_driver_op_010_01"
        },
        {
          "actorId": "synthesizer-actor",
          "assignmentId": "asgn_i27_driver_op_012",
          "runId": "run_asgn_i27_driver_op_012_01"
        },
        {
          "actorId": "red-team-actor",
          "assignmentId": "asgn_i27_driver_op_014",
          "runId": "run_asgn_i27_driver_op_014_01"
        }
      ],
      "failed": [],
      "late": [],
      "missing": [
        {
          "actorId": "lead-advisor-actor"
        }
      ],
      "replaced": []
    },
    "steps": [
      {
        "as": "authRedteamRetry",
        "type": "authorize",
        "door": "authorizeDeclaredOperation",
        "operationId": "red-team-packet",
        "nodeId": "phase-redteam",
        "actorId": "red-team-actor",
        "authorizationId": "auth_redteam_i21h4_retry",
        "invocationKey": "ik_redteam_i21h4_retry",
        "grantedContextRefs": [
          "asgn_i27_driver_op_012"
        ],
        "targetArtifactRef": null,
        "appended": true
      },
      {
        "as": "redteamRetry",
        "type": "operation",
        "actorId": "red-team-actor",
        "door": "dispatchDeclaredOperation",
        "assignmentId": "asgn_i27_driver_op_014",
        "status": "done",
        "confidence": "reported",
        "executor": "xai",
        "provider": "xai",
        "tier": "flagship",
        "resumed": false
      }
    ]
  }
}
