{
  "contract": "fgos.v1",
  "generated_at": "2026-09-28T07:59:58.880Z",
  "data_hash": "f58a74f0395db731349e55f1122d3315116ee67467d2d03b6ba85563cb809b1f",
  "data": {
    "coordinationId": "i27-scoring-case-3-v1",
    "kind": "agent-led",
    "definitionRef": null,
    "objective": "You are the BLIND SCORER for a research experiment comparing two explanation documents. You do not know, and must not try to find out, which document came from which experimental condition -- score only what is in front of you. Read these files first, in this order, using absolute paths: (1) /home/vantt/projects/forgentX/plans/260919-coordination-skill-harness-simplification/panel-depth-experiment/scoring/case-3/question.md, (2) .../scoring/case-3/redteam-findings-source.md, (3) .../scoring/case-3/control-objections-source-X.md, (4) .../scoring/case-3/control-objections-source-Y.md, (5) .../scoring/case-3/explanation-X.md, (6) .../scoring/case-3/explanation-Y.md. Then follow this procedure exactly, in order: STEP 1 (before opening either explanation): from redteam-findings-source.md alone, enumerate every distinct atomic finding meeting: asserts a risk/error/gap/missing-consideration/unsupported-assumption/change-recommendation about the DECISION's substance (not wording/process). Exclude pure agreement, restatements, style nits. Split compound findings (if an explanation could contain one part without the other, split). Merge only true duplicates (same object + same failure/risk + same consequence). Number them RT-1..RT-n with a one-sentence substance statement and a verbatim quote or line reference for each. STEP 2: repeat the same enumeration procedure separately on control-objections-source-X.md (number CX-1..) and control-objections-source-Y.md (number CY-1..). STEP 3: for each RT-i, mark PRESENT or ABSENT in explanation-X.md and separately in explanation-Y.md -- PRESENT means the SAME object + SAME risk/failure + SAME consequence appears in any wording (adopting, conditioning on, or naming-and-rebutting all count as PRESENT); no partial credit, no inference beyond what the text states. Record the matching verbatim quote for each PRESENT mark. Do the same for CX-i in explanation-X.md and CY-i in explanation-Y.md. STEP 4: for each PRESENT mark, classify disposition as DISPOSED (final recommendation adopts/conditions-on/rebuts-with-reason) or MENTIONED-ONLY (appears but recommendation neither acts on it nor rebuts it). STEP 5: this case (case-3) has NO independently verified ground truth. Do NOT score, state, estimate, or imply any factual-error rate, count, or comparison for this case -- not even a qualitative claim like 'X made more mistakes'. If you believe a claim in either explanation is factually wrong, you may record it as a single unscored note at the end of your report, clearly labeled 'UNSCORED NOTE (case-3, no ground truth)', excluded from every metric. Write your full output as a single markdown report (this dispatch's own agent-report.md) with these exact sections in order: '## RT findings (frozen list)', '## CX findings (frozen list)', '## CY findings (frozen list)', '## RT marks in X', '## RT marks in Y', '## CX marks in X', '## CY marks in Y', '## Dispositions', '## Unscored notes (if any)'. Also write agent-result.json with {status, summary} plus a machine-readable 'marks' object mirroring the same data. Do not open, list, or search any file outside the 6 named above -- you have everything you need in them.",
    "status": "completed",
    "closed": true,
    "closeAttempted": true,
    "quorum": {
      "requiredActorIds": [
        "primary"
      ],
      "completed": [
        {
          "actorId": "primary",
          "assignmentId": "asgn_i27_scorer_driver_op_003",
          "runId": "run_asgn_i27_scorer_driver_op_003_01"
        }
      ],
      "failed": [],
      "late": [],
      "missing": [],
      "replaced": []
    },
    "steps": [
      {
        "as": "primary",
        "type": "operation",
        "actorId": "primary",
        "assignmentId": "asgn_i27_scorer_driver_op_003",
        "status": "done",
        "confidence": "reported",
        "executor": "xai",
        "provider": "xai",
        "tier": "flagship"
      }
    ]
  }
}
